/ReplayAttack/test/attack/fixed/attack_print_client009_session01_highdef_photo_adverse.mov
/ReplayAttack/test/attack/fixed/attack_print_client009_session01_highdef_photo_controlled.mov
/ReplayAttack/test/attack/fixed/attack_print_client011_session01_highdef_photo_adverse.mov
/ReplayAttack/test/attack/fixed/attack_print_client011_session01_highdef_photo_controlled.mov
/ReplayAttack/test/attack/fixed/attack_print_client013_session01_highdef_photo_adverse.mov
/ReplayAttack/test/attack/fixed/attack_print_client013_session01_highdef_photo_controlled.mov
/ReplayAttack/test/attack/fixed/attack_print_client014_session01_highdef_photo_adverse.mov
/ReplayAttack/test/attack/fixed/attack_print_client014_session01_highdef_photo_controlled.mov
/ReplayAttack/test/attack/fixed/attack_print_client019_session01_highdef_photo_adverse.mov
/ReplayAttack/test/attack/fixed/attack_print_client019_session01_highdef_photo_controlled.mov
/ReplayAttack/test/attack/fixed/attack_print_client020_session01_highdef_photo_adverse.mov
/ReplayAttack/test/attack/fixed/attack_print_client020_session01_highdef_photo_controlled.mov
/ReplayAttack/test/attack/fixed/attack_print_client021_session01_highdef_photo_adverse.mov
/ReplayAttack/test/attack/fixed/attack_print_client021_session01_highdef_photo_controlled.mov
/ReplayAttack/test/attack/fixed/attack_print_client023_session01_highdef_photo_adverse.mov
/ReplayAttack/test/attack/fixed/attack_print_client023_session01_highdef_photo_controlled.mov
/ReplayAttack/test/attack/fixed/attack_print_client024_session01_highdef_photo_adverse.mov
/ReplayAttack/test/attack/fixed/attack_print_client024_session01_highdef_photo_controlled.mov
/ReplayAttack/test/attack/fixed/attack_print_client026_session01_highdef_photo_adverse.mov
/ReplayAttack/test/attack/fixed/attack_print_client026_session01_highdef_photo_controlled.mov
/ReplayAttack/test/attack/fixed/attack_print_client028_session01_highdef_photo_adverse.mov
/ReplayAttack/test/attack/fixed/attack_print_client028_session01_highdef_photo_controlled.mov
/ReplayAttack/test/attack/fixed/attack_print_client031_session01_highdef_photo_adverse.mov
/ReplayAttack/test/attack/fixed/attack_print_client031_session01_highdef_photo_controlled.mov
/ReplayAttack/test/attack/fixed/attack_print_client102_session01_highdef_photo_adverse.mov
/ReplayAttack/test/attack/fixed/attack_print_client102_session01_highdef_photo_controlled.mov
/ReplayAttack/test/attack/fixed/attack_print_client104_session01_highdef_photo_adverse.mov
/ReplayAttack/test/attack/fixed/attack_print_client104_session01_highdef_photo_controlled.mov
/ReplayAttack/test/attack/fixed/attack_print_client106_session01_highdef_photo_adverse.mov
/ReplayAttack/test/attack/fixed/attack_print_client106_session01_highdef_photo_controlled.mov
/ReplayAttack/test/attack/fixed/attack_print_client107_session01_highdef_photo_adverse.mov
/ReplayAttack/test/attack/fixed/attack_print_client107_session01_highdef_photo_controlled.mov
/ReplayAttack/test/attack/fixed/attack_print_client109_session01_highdef_photo_adverse.mov
/ReplayAttack/test/attack/fixed/attack_print_client109_session01_highdef_photo_controlled.mov
/ReplayAttack/test/attack/fixed/attack_print_client112_session01_highdef_photo_adverse.mov
/ReplayAttack/test/attack/fixed/attack_print_client112_session01_highdef_photo_controlled.mov
/ReplayAttack/test/attack/fixed/attack_print_client115_session01_highdef_photo_adverse.mov
/ReplayAttack/test/attack/fixed/attack_print_client115_session01_highdef_photo_controlled.mov
/ReplayAttack/test/attack/fixed/attack_print_client117_session01_highdef_photo_adverse.mov
/ReplayAttack/test/attack/fixed/attack_print_client117_session01_highdef_photo_controlled.mov
/ReplayAttack/test/attack/hand/attack_print_client009_session01_highdef_photo_adverse.mov
/ReplayAttack/test/attack/hand/attack_print_client009_session01_highdef_photo_controlled.mov
/ReplayAttack/test/attack/hand/attack_print_client011_session01_highdef_photo_adverse.mov
/ReplayAttack/test/attack/hand/attack_print_client011_session01_highdef_photo_controlled.mov
/ReplayAttack/test/attack/hand/attack_print_client013_session01_highdef_photo_adverse.mov
/ReplayAttack/test/attack/hand/attack_print_client013_session01_highdef_photo_controlled.mov
/ReplayAttack/test/attack/hand/attack_print_client014_session01_highdef_photo_adverse.mov
/ReplayAttack/test/attack/hand/attack_print_client014_session01_highdef_photo_controlled.mov
/ReplayAttack/test/attack/hand/attack_print_client019_session01_highdef_photo_adverse.mov
/ReplayAttack/test/attack/hand/attack_print_client019_session01_highdef_photo_controlled.mov
/ReplayAttack/test/attack/hand/attack_print_client020_session01_highdef_photo_adverse.mov
/ReplayAttack/test/attack/hand/attack_print_client020_session01_highdef_photo_controlled.mov
/ReplayAttack/test/attack/hand/attack_print_client021_session01_highdef_photo_adverse.mov
/ReplayAttack/test/attack/hand/attack_print_client021_session01_highdef_photo_controlled.mov
/ReplayAttack/test/attack/hand/attack_print_client023_session01_highdef_photo_adverse.mov
/ReplayAttack/test/attack/hand/attack_print_client023_session01_highdef_photo_controlled.mov
/ReplayAttack/test/attack/hand/attack_print_client024_session01_highdef_photo_adverse.mov
/ReplayAttack/test/attack/hand/attack_print_client024_session01_highdef_photo_controlled.mov
/ReplayAttack/test/attack/hand/attack_print_client026_session01_highdef_photo_adverse.mov
/ReplayAttack/test/attack/hand/attack_print_client026_session01_highdef_photo_controlled.mov
/ReplayAttack/test/attack/hand/attack_print_client028_session01_highdef_photo_adverse.mov
/ReplayAttack/test/attack/hand/attack_print_client028_session01_highdef_photo_controlled.mov
/ReplayAttack/test/attack/hand/attack_print_client031_session01_highdef_photo_adverse.mov
/ReplayAttack/test/attack/hand/attack_print_client031_session01_highdef_photo_controlled.mov
/ReplayAttack/test/attack/hand/attack_print_client102_session01_highdef_photo_adverse.mov
/ReplayAttack/test/attack/hand/attack_print_client102_session01_highdef_photo_controlled.mov
/ReplayAttack/test/attack/hand/attack_print_client104_session01_highdef_photo_adverse.mov
/ReplayAttack/test/attack/hand/attack_print_client104_session01_highdef_photo_controlled.mov
/ReplayAttack/test/attack/hand/attack_print_client106_session01_highdef_photo_adverse.mov
/ReplayAttack/test/attack/hand/attack_print_client106_session01_highdef_photo_controlled.mov
/ReplayAttack/test/attack/hand/attack_print_client107_session01_highdef_photo_adverse.mov
/ReplayAttack/test/attack/hand/attack_print_client107_session01_highdef_photo_controlled.mov
/ReplayAttack/test/attack/hand/attack_print_client109_session01_highdef_photo_adverse.mov
/ReplayAttack/test/attack/hand/attack_print_client109_session01_highdef_photo_controlled.mov
/ReplayAttack/test/attack/hand/attack_print_client112_session01_highdef_photo_adverse.mov
/ReplayAttack/test/attack/hand/attack_print_client112_session01_highdef_photo_controlled.mov
/ReplayAttack/test/attack/hand/attack_print_client115_session01_highdef_photo_adverse.mov
/ReplayAttack/test/attack/hand/attack_print_client115_session01_highdef_photo_controlled.mov
/ReplayAttack/test/attack/hand/attack_print_client117_session01_highdef_photo_adverse.mov
/ReplayAttack/test/attack/hand/attack_print_client117_session01_highdef_photo_controlled.mov
/ReplayAttack/test/real/client009_session01_webcam_authenticate_adverse_1.mov
/ReplayAttack/test/real/client009_session01_webcam_authenticate_adverse_2.mov
/ReplayAttack/test/real/client009_session01_webcam_authenticate_controlled_1.mov
/ReplayAttack/test/real/client009_session01_webcam_authenticate_controlled_2.mov
/ReplayAttack/test/real/client011_session01_webcam_authenticate_adverse_1.mov
/ReplayAttack/test/real/client011_session01_webcam_authenticate_adverse_2.mov
/ReplayAttack/test/real/client011_session01_webcam_authenticate_controlled_1.mov
/ReplayAttack/test/real/client011_session01_webcam_authenticate_controlled_2.mov
/ReplayAttack/test/real/client013_session01_webcam_authenticate_adverse_1.mov
/ReplayAttack/test/real/client013_session01_webcam_authenticate_adverse_2.mov
/ReplayAttack/test/real/client013_session01_webcam_authenticate_controlled_1.mov
/ReplayAttack/test/real/client013_session01_webcam_authenticate_controlled_2.mov
/ReplayAttack/test/real/client014_session01_webcam_authenticate_adverse_1.mov
/ReplayAttack/test/real/client014_session01_webcam_authenticate_adverse_2.mov
/ReplayAttack/test/real/client014_session01_webcam_authenticate_controlled_1.mov
/ReplayAttack/test/real/client014_session01_webcam_authenticate_controlled_2.mov
/ReplayAttack/test/real/client019_session01_webcam_authenticate_adverse_1.mov
/ReplayAttack/test/real/client019_session01_webcam_authenticate_adverse_2.mov
/ReplayAttack/test/real/client019_session01_webcam_authenticate_controlled_1.mov
/ReplayAttack/test/real/client019_session01_webcam_authenticate_controlled_2.mov
/ReplayAttack/test/real/client020_session01_webcam_authenticate_adverse_1.mov
/ReplayAttack/test/real/client020_session01_webcam_authenticate_adverse_2.mov
/ReplayAttack/test/real/client020_session01_webcam_authenticate_controlled_1.mov
/ReplayAttack/test/real/client020_session01_webcam_authenticate_controlled_2.mov
/ReplayAttack/test/real/client021_session01_webcam_authenticate_adverse_1.mov
/ReplayAttack/test/real/client021_session01_webcam_authenticate_adverse_2.mov
/ReplayAttack/test/real/client021_session01_webcam_authenticate_controlled_1.mov
/ReplayAttack/test/real/client021_session01_webcam_authenticate_controlled_2.mov
/ReplayAttack/test/real/client023_session01_webcam_authenticate_adverse_1.mov
/ReplayAttack/test/real/client023_session01_webcam_authenticate_adverse_2.mov
/ReplayAttack/test/real/client023_session01_webcam_authenticate_controlled_1.mov
/ReplayAttack/test/real/client023_session01_webcam_authenticate_controlled_2.mov
/ReplayAttack/test/real/client024_session01_webcam_authenticate_adverse_1.mov
/ReplayAttack/test/real/client024_session01_webcam_authenticate_adverse_2.mov
/ReplayAttack/test/real/client024_session01_webcam_authenticate_controlled_1.mov
/ReplayAttack/test/real/client024_session01_webcam_authenticate_controlled_2.mov
/ReplayAttack/test/real/client026_session01_webcam_authenticate_adverse_1.mov
/ReplayAttack/test/real/client026_session01_webcam_authenticate_adverse_2.mov
/ReplayAttack/test/real/client026_session01_webcam_authenticate_controlled_1.mov
/ReplayAttack/test/real/client026_session01_webcam_authenticate_controlled_2.mov
/ReplayAttack/test/real/client028_session01_webcam_authenticate_adverse_1.mov
/ReplayAttack/test/real/client028_session01_webcam_authenticate_adverse_2.mov
/ReplayAttack/test/real/client028_session01_webcam_authenticate_controlled_1.mov
/ReplayAttack/test/real/client028_session01_webcam_authenticate_controlled_2.mov
/ReplayAttack/test/real/client031_session01_webcam_authenticate_adverse_1.mov
/ReplayAttack/test/real/client031_session01_webcam_authenticate_adverse_2.mov
/ReplayAttack/test/real/client031_session01_webcam_authenticate_controlled_1.mov
/ReplayAttack/test/real/client031_session01_webcam_authenticate_controlled_2.mov
/ReplayAttack/test/real/client102_session01_webcam_authenticate_adverse_1.mov
/ReplayAttack/test/real/client102_session01_webcam_authenticate_adverse_2.mov
/ReplayAttack/test/real/client102_session01_webcam_authenticate_controlled_1.mov
/ReplayAttack/test/real/client102_session01_webcam_authenticate_controlled_2.mov
/ReplayAttack/test/real/client104_session01_webcam_authenticate_adverse_1.mov
/ReplayAttack/test/real/client104_session01_webcam_authenticate_adverse_2.mov
/ReplayAttack/test/real/client104_session01_webcam_authenticate_controlled_1.mov
/ReplayAttack/test/real/client104_session01_webcam_authenticate_controlled_2.mov
/ReplayAttack/test/real/client106_session01_webcam_authenticate_adverse_1.mov
/ReplayAttack/test/real/client106_session01_webcam_authenticate_adverse_2.mov
/ReplayAttack/test/real/client106_session01_webcam_authenticate_controlled_1.mov
/ReplayAttack/test/real/client106_session01_webcam_authenticate_controlled_2.mov
/ReplayAttack/test/real/client107_session01_webcam_authenticate_adverse_1.mov
/ReplayAttack/test/real/client107_session01_webcam_authenticate_adverse_2.mov
/ReplayAttack/test/real/client107_session01_webcam_authenticate_controlled_1.mov
/ReplayAttack/test/real/client107_session01_webcam_authenticate_controlled_2.mov
/ReplayAttack/test/real/client109_session01_webcam_authenticate_adverse_1.mov
/ReplayAttack/test/real/client109_session01_webcam_authenticate_adverse_2.mov
/ReplayAttack/test/real/client109_session01_webcam_authenticate_controlled_1.mov
/ReplayAttack/test/real/client109_session01_webcam_authenticate_controlled_2.mov
/ReplayAttack/test/real/client112_session01_webcam_authenticate_adverse_1.mov
/ReplayAttack/test/real/client112_session01_webcam_authenticate_adverse_2.mov
/ReplayAttack/test/real/client112_session01_webcam_authenticate_controlled_1.mov
/ReplayAttack/test/real/client112_session01_webcam_authenticate_controlled_2.mov
/ReplayAttack/test/real/client115_session01_webcam_authenticate_adverse_1.mov
/ReplayAttack/test/real/client115_session01_webcam_authenticate_adverse_2.mov
/ReplayAttack/test/real/client115_session01_webcam_authenticate_controlled_1.mov
/ReplayAttack/test/real/client115_session01_webcam_authenticate_controlled_2.mov
/ReplayAttack/test/real/client117_session01_webcam_authenticate_adverse_1.mov
/ReplayAttack/test/real/client117_session01_webcam_authenticate_adverse_2.mov
/ReplayAttack/test/real/client117_session01_webcam_authenticate_controlled_1.mov
/ReplayAttack/test/real/client117_session01_webcam_authenticate_controlled_2.mov
