/ReplayAttack/train/attack/fixed/attack_print_client001_session01_highdef_photo_adverse.mov
/ReplayAttack/train/attack/fixed/attack_print_client001_session01_highdef_photo_controlled.mov
/ReplayAttack/train/attack/fixed/attack_print_client002_session01_highdef_photo_adverse.mov
/ReplayAttack/train/attack/fixed/attack_print_client002_session01_highdef_photo_controlled.mov
/ReplayAttack/train/attack/fixed/attack_print_client004_session01_highdef_photo_adverse.mov
/ReplayAttack/train/attack/fixed/attack_print_client004_session01_highdef_photo_controlled.mov
/ReplayAttack/train/attack/fixed/attack_print_client006_session01_highdef_photo_adverse.mov
/ReplayAttack/train/attack/fixed/attack_print_client006_session01_highdef_photo_controlled.mov
/ReplayAttack/train/attack/fixed/attack_print_client007_session01_highdef_photo_adverse.mov
/ReplayAttack/train/attack/fixed/attack_print_client007_session01_highdef_photo_controlled.mov
/ReplayAttack/train/attack/fixed/attack_print_client008_session01_highdef_photo_adverse.mov
/ReplayAttack/train/attack/fixed/attack_print_client008_session01_highdef_photo_controlled.mov
/ReplayAttack/train/attack/fixed/attack_print_client012_session01_highdef_photo_adverse.mov
/ReplayAttack/train/attack/fixed/attack_print_client012_session01_highdef_photo_controlled.mov
/ReplayAttack/train/attack/fixed/attack_print_client016_session01_highdef_photo_adverse.mov
/ReplayAttack/train/attack/fixed/attack_print_client016_session01_highdef_photo_controlled.mov
/ReplayAttack/train/attack/fixed/attack_print_client018_session01_highdef_photo_adverse.mov
/ReplayAttack/train/attack/fixed/attack_print_client018_session01_highdef_photo_controlled.mov
/ReplayAttack/train/attack/fixed/attack_print_client025_session01_highdef_photo_adverse.mov
/ReplayAttack/train/attack/fixed/attack_print_client025_session01_highdef_photo_controlled.mov
/ReplayAttack/train/attack/fixed/attack_print_client027_session01_highdef_photo_adverse.mov
/ReplayAttack/train/attack/fixed/attack_print_client027_session01_highdef_photo_controlled.mov
/ReplayAttack/train/attack/fixed/attack_print_client103_session01_highdef_photo_adverse.mov
/ReplayAttack/train/attack/fixed/attack_print_client103_session01_highdef_photo_controlled.mov
/ReplayAttack/train/attack/fixed/attack_print_client105_session01_highdef_photo_adverse.mov
/ReplayAttack/train/attack/fixed/attack_print_client105_session01_highdef_photo_controlled.mov
/ReplayAttack/train/attack/fixed/attack_print_client108_session01_highdef_photo_adverse.mov
/ReplayAttack/train/attack/fixed/attack_print_client108_session01_highdef_photo_controlled.mov
/ReplayAttack/train/attack/fixed/attack_print_client110_session01_highdef_photo_adverse.mov
/ReplayAttack/train/attack/fixed/attack_print_client110_session01_highdef_photo_controlled.mov
/ReplayAttack/train/attack/hand/attack_print_client001_session01_highdef_photo_adverse.mov
/ReplayAttack/train/attack/hand/attack_print_client001_session01_highdef_photo_controlled.mov
/ReplayAttack/train/attack/hand/attack_print_client002_session01_highdef_photo_adverse.mov
/ReplayAttack/train/attack/hand/attack_print_client002_session01_highdef_photo_controlled.mov
/ReplayAttack/train/attack/hand/attack_print_client004_session01_highdef_photo_adverse.mov
/ReplayAttack/train/attack/hand/attack_print_client004_session01_highdef_photo_controlled.mov
/ReplayAttack/train/attack/hand/attack_print_client006_session01_highdef_photo_adverse.mov
/ReplayAttack/train/attack/hand/attack_print_client006_session01_highdef_photo_controlled.mov
/ReplayAttack/train/attack/hand/attack_print_client007_session01_highdef_photo_adverse.mov
/ReplayAttack/train/attack/hand/attack_print_client007_session01_highdef_photo_controlled.mov
/ReplayAttack/train/attack/hand/attack_print_client008_session01_highdef_photo_adverse.mov
/ReplayAttack/train/attack/hand/attack_print_client008_session01_highdef_photo_controlled.mov
/ReplayAttack/train/attack/hand/attack_print_client012_session01_highdef_photo_adverse.mov
/ReplayAttack/train/attack/hand/attack_print_client012_session01_highdef_photo_controlled.mov
/ReplayAttack/train/attack/hand/attack_print_client016_session01_highdef_photo_adverse.mov
/ReplayAttack/train/attack/hand/attack_print_client016_session01_highdef_photo_controlled.mov
/ReplayAttack/train/attack/hand/attack_print_client018_session01_highdef_photo_adverse.mov
/ReplayAttack/train/attack/hand/attack_print_client018_session01_highdef_photo_controlled.mov
/ReplayAttack/train/attack/hand/attack_print_client025_session01_highdef_photo_adverse.mov
/ReplayAttack/train/attack/hand/attack_print_client025_session01_highdef_photo_controlled.mov
/ReplayAttack/train/attack/hand/attack_print_client027_session01_highdef_photo_adverse.mov
/ReplayAttack/train/attack/hand/attack_print_client027_session01_highdef_photo_controlled.mov
/ReplayAttack/train/attack/hand/attack_print_client103_session01_highdef_photo_adverse.mov
/ReplayAttack/train/attack/hand/attack_print_client103_session01_highdef_photo_controlled.mov
/ReplayAttack/train/attack/hand/attack_print_client105_session01_highdef_photo_adverse.mov
/ReplayAttack/train/attack/hand/attack_print_client105_session01_highdef_photo_controlled.mov
/ReplayAttack/train/attack/hand/attack_print_client108_session01_highdef_photo_adverse.mov
/ReplayAttack/train/attack/hand/attack_print_client108_session01_highdef_photo_controlled.mov
/ReplayAttack/train/attack/hand/attack_print_client110_session01_highdef_photo_adverse.mov
/ReplayAttack/train/attack/hand/attack_print_client110_session01_highdef_photo_controlled.mov
/ReplayAttack/train/real/client001_session01_webcam_authenticate_adverse_1.mov
/ReplayAttack/train/real/client001_session01_webcam_authenticate_adverse_2.mov
/ReplayAttack/train/real/client001_session01_webcam_authenticate_controlled_1.mov
/ReplayAttack/train/real/client001_session01_webcam_authenticate_controlled_2.mov
/ReplayAttack/train/real/client002_session01_webcam_authenticate_adverse_1.mov
/ReplayAttack/train/real/client002_session01_webcam_authenticate_adverse_2.mov
/ReplayAttack/train/real/client002_session01_webcam_authenticate_controlled_1.mov
/ReplayAttack/train/real/client002_session01_webcam_authenticate_controlled_2.mov
/ReplayAttack/train/real/client004_session01_webcam_authenticate_adverse_1.mov
/ReplayAttack/train/real/client004_session01_webcam_authenticate_adverse_2.mov
/ReplayAttack/train/real/client004_session01_webcam_authenticate_controlled_1.mov
/ReplayAttack/train/real/client004_session01_webcam_authenticate_controlled_2.mov
/ReplayAttack/train/real/client006_session01_webcam_authenticate_adverse_1.mov
/ReplayAttack/train/real/client006_session01_webcam_authenticate_adverse_2.mov
/ReplayAttack/train/real/client006_session01_webcam_authenticate_controlled_1.mov
/ReplayAttack/train/real/client006_session01_webcam_authenticate_controlled_2.mov
/ReplayAttack/train/real/client007_session01_webcam_authenticate_adverse_1.mov
/ReplayAttack/train/real/client007_session01_webcam_authenticate_adverse_2.mov
/ReplayAttack/train/real/client007_session01_webcam_authenticate_controlled_1.mov
/ReplayAttack/train/real/client007_session01_webcam_authenticate_controlled_2.mov
/ReplayAttack/train/real/client008_session01_webcam_authenticate_adverse_1.mov
/ReplayAttack/train/real/client008_session01_webcam_authenticate_adverse_2.mov
/ReplayAttack/train/real/client008_session01_webcam_authenticate_controlled_1.mov
/ReplayAttack/train/real/client008_session01_webcam_authenticate_controlled_2.mov
/ReplayAttack/train/real/client012_session01_webcam_authenticate_adverse_1.mov
/ReplayAttack/train/real/client012_session01_webcam_authenticate_adverse_2.mov
/ReplayAttack/train/real/client012_session01_webcam_authenticate_controlled_1.mov
/ReplayAttack/train/real/client012_session01_webcam_authenticate_controlled_2.mov
/ReplayAttack/train/real/client016_session01_webcam_authenticate_adverse_1.mov
/ReplayAttack/train/real/client016_session01_webcam_authenticate_adverse_2.mov
/ReplayAttack/train/real/client016_session01_webcam_authenticate_controlled_1.mov
/ReplayAttack/train/real/client016_session01_webcam_authenticate_controlled_2.mov
/ReplayAttack/train/real/client018_session01_webcam_authenticate_adverse_1.mov
/ReplayAttack/train/real/client018_session01_webcam_authenticate_adverse_2.mov
/ReplayAttack/train/real/client018_session01_webcam_authenticate_controlled_1.mov
/ReplayAttack/train/real/client018_session01_webcam_authenticate_controlled_2.mov
/ReplayAttack/train/real/client025_session01_webcam_authenticate_adverse_1.mov
/ReplayAttack/train/real/client025_session01_webcam_authenticate_adverse_2.mov
/ReplayAttack/train/real/client025_session01_webcam_authenticate_controlled_1.mov
/ReplayAttack/train/real/client025_session01_webcam_authenticate_controlled_2.mov
/ReplayAttack/train/real/client027_session01_webcam_authenticate_adverse_1.mov
/ReplayAttack/train/real/client027_session01_webcam_authenticate_adverse_2.mov
/ReplayAttack/train/real/client027_session01_webcam_authenticate_controlled_1.mov
/ReplayAttack/train/real/client027_session01_webcam_authenticate_controlled_2.mov
/ReplayAttack/train/real/client103_session01_webcam_authenticate_adverse_1.mov
/ReplayAttack/train/real/client103_session01_webcam_authenticate_adverse_2.mov
/ReplayAttack/train/real/client103_session01_webcam_authenticate_controlled_1.mov
/ReplayAttack/train/real/client103_session01_webcam_authenticate_controlled_2.mov
/ReplayAttack/train/real/client105_session01_webcam_authenticate_adverse_1.mov
/ReplayAttack/train/real/client105_session01_webcam_authenticate_adverse_2.mov
/ReplayAttack/train/real/client105_session01_webcam_authenticate_controlled_1.mov
/ReplayAttack/train/real/client105_session01_webcam_authenticate_controlled_2.mov
/ReplayAttack/train/real/client108_session01_webcam_authenticate_adverse_1.mov
/ReplayAttack/train/real/client108_session01_webcam_authenticate_adverse_2.mov
/ReplayAttack/train/real/client108_session01_webcam_authenticate_controlled_1.mov
/ReplayAttack/train/real/client108_session01_webcam_authenticate_controlled_2.mov
/ReplayAttack/train/real/client110_session01_webcam_authenticate_adverse_1.mov
/ReplayAttack/train/real/client110_session01_webcam_authenticate_adverse_2.mov
/ReplayAttack/train/real/client110_session01_webcam_authenticate_controlled_1.mov
/ReplayAttack/train/real/client110_session01_webcam_authenticate_controlled_2.mov
