/CASIAFace/test_release/1/HR_1.avi
/CASIAFace/test_release/1/HR_2.avi
/CASIAFace/test_release/1/HR_3.avi
/CASIAFace/test_release/10/HR_1.avi
/CASIAFace/test_release/10/HR_2.avi
/CASIAFace/test_release/10/HR_3.avi
/CASIAFace/test_release/11/HR_1.avi
/CASIAFace/test_release/11/HR_2.avi
/CASIAFace/test_release/11/HR_3.avi
/CASIAFace/test_release/12/HR_1.avi
/CASIAFace/test_release/12/HR_2.avi
/CASIAFace/test_release/12/HR_3.avi
/CASIAFace/test_release/13/HR_1.avi
/CASIAFace/test_release/13/HR_2.avi
/CASIAFace/test_release/13/HR_3.avi
/CASIAFace/test_release/14/HR_1.avi
/CASIAFace/test_release/14/HR_2.avi
/CASIAFace/test_release/14/HR_3.avi
/CASIAFace/test_release/15/HR_1.avi
/CASIAFace/test_release/15/HR_2.avi
/CASIAFace/test_release/15/HR_3.avi
/CASIAFace/test_release/16/HR_1.avi
/CASIAFace/test_release/16/HR_2.avi
/CASIAFace/test_release/16/HR_3.avi
/CASIAFace/test_release/17/HR_1.avi
/CASIAFace/test_release/17/HR_2.avi
/CASIAFace/test_release/17/HR_3.avi
/CASIAFace/test_release/18/HR_1.avi
/CASIAFace/test_release/18/HR_2.avi
/CASIAFace/test_release/18/HR_3.avi
/CASIAFace/test_release/19/HR_1.avi
/CASIAFace/test_release/19/HR_2.avi
/CASIAFace/test_release/19/HR_3.avi
/CASIAFace/test_release/2/HR_1.avi
/CASIAFace/test_release/2/HR_2.avi
/CASIAFace/test_release/2/HR_3.avi
/CASIAFace/test_release/20/HR_1.avi
/CASIAFace/test_release/20/HR_2.avi
/CASIAFace/test_release/20/HR_3.avi
/CASIAFace/test_release/21/HR_1.avi
/CASIAFace/test_release/21/HR_2.avi
/CASIAFace/test_release/21/HR_3.avi
/CASIAFace/test_release/22/HR_1.avi
/CASIAFace/test_release/22/HR_2.avi
/CASIAFace/test_release/22/HR_3.avi
/CASIAFace/test_release/23/HR_1.avi
/CASIAFace/test_release/23/HR_2.avi
/CASIAFace/test_release/23/HR_3.avi
/CASIAFace/test_release/24/HR_1.avi
/CASIAFace/test_release/24/HR_2.avi
/CASIAFace/test_release/24/HR_3.avi
/CASIAFace/test_release/25/HR_1.avi
/CASIAFace/test_release/25/HR_2.avi
/CASIAFace/test_release/25/HR_3.avi
/CASIAFace/test_release/26/HR_1.avi
/CASIAFace/test_release/26/HR_2.avi
/CASIAFace/test_release/26/HR_3.avi
/CASIAFace/test_release/27/HR_1.avi
/CASIAFace/test_release/27/HR_2.avi
/CASIAFace/test_release/27/HR_3.avi
/CASIAFace/test_release/28/HR_1.avi
/CASIAFace/test_release/28/HR_2.avi
/CASIAFace/test_release/28/HR_3.avi
/CASIAFace/test_release/29/HR_1.avi
/CASIAFace/test_release/29/HR_2.avi
/CASIAFace/test_release/29/HR_3.avi
/CASIAFace/test_release/3/HR_1.avi
/CASIAFace/test_release/3/HR_2.avi
/CASIAFace/test_release/3/HR_3.avi
/CASIAFace/test_release/30/HR_1.avi
/CASIAFace/test_release/30/HR_2.avi
/CASIAFace/test_release/30/HR_3.avi
/CASIAFace/test_release/4/HR_1.avi
/CASIAFace/test_release/4/HR_2.avi
/CASIAFace/test_release/4/HR_3.avi
/CASIAFace/test_release/5/HR_1.avi
/CASIAFace/test_release/5/HR_2.avi
/CASIAFace/test_release/5/HR_3.avi
/CASIAFace/test_release/6/HR_1.avi
/CASIAFace/test_release/6/HR_2.avi
/CASIAFace/test_release/6/HR_3.avi
/CASIAFace/test_release/7/HR_1.avi
/CASIAFace/test_release/7/HR_2.avi
/CASIAFace/test_release/7/HR_3.avi
/CASIAFace/test_release/8/HR_1.avi
/CASIAFace/test_release/8/HR_2.avi
/CASIAFace/test_release/8/HR_3.avi
/CASIAFace/test_release/9/HR_1.avi
/CASIAFace/test_release/9/HR_2.avi
/CASIAFace/test_release/9/HR_3.avi
